
> imperial-media-web@0.0.0 build
> tsc -b && vite build

src/App.tsx(1,1): error TS6133: 'React' is declared but its value is never read.
src/components/layout/Footer.tsx(2,1): error TS6133: 'Button' is declared but its value is never read.
